[2026-05-13T08:46:28.306Z] [INFO] Scheduled task: Full anatomy rescan (0 */6 * * *)
[2026-05-13T08:46:28.308Z] [INFO] Scheduled task: Consolidate old memory (0 2 * * *)
[2026-05-13T08:46:28.309Z] [INFO] Scheduled task: Token audit report (0 0 * * 1)
[2026-05-13T08:46:28.309Z] [INFO] Scheduled task: Cerebrum reflection (0 3 * * 0)
[2026-05-13T08:46:28.309Z] [INFO] Scheduled task: AI suggestions (0 4 * * 1)
[2026-05-13T08:46:28.311Z] [INFO] File watcher started on .wolf/
[2026-05-13T08:46:28.312Z] [INFO] OpenWolf daemon started
[2026-05-13T08:46:28.313Z] [INFO] Dashboard server listening on port 18791
[2026-05-13T08:46:28.527Z] [INFO] Scheduled task: Full anatomy rescan (0 */6 * * *)
[2026-05-13T08:46:28.529Z] [INFO] Scheduled task: Consolidate old memory (0 2 * * *)
[2026-05-13T08:46:28.530Z] [INFO] Scheduled task: Token audit report (0 0 * * 1)
[2026-05-13T08:46:28.530Z] [INFO] Scheduled task: Cerebrum reflection (0 3 * * 0)
[2026-05-13T08:46:28.530Z] [INFO] Scheduled task: AI suggestions (0 4 * * 1)
[2026-05-13T08:46:28.531Z] [INFO] File watcher started on .wolf/
[2026-05-13T08:46:28.533Z] [INFO] OpenWolf daemon started
[2026-05-13T08:46:28.534Z] [INFO] Dashboard server listening on port 18791
[2026-05-13T08:46:28.721Z] [INFO] Scheduled task: Full anatomy rescan (0 */6 * * *)
[2026-05-13T08:46:28.723Z] [INFO] Scheduled task: Consolidate old memory (0 2 * * *)
[2026-05-13T08:46:28.723Z] [INFO] Scheduled task: Token audit report (0 0 * * 1)
[2026-05-13T08:46:28.724Z] [INFO] Scheduled task: Cerebrum reflection (0 3 * * 0)
[2026-05-13T08:46:28.724Z] [INFO] Scheduled task: AI suggestions (0 4 * * 1)
[2026-05-13T08:46:28.725Z] [INFO] File watcher started on .wolf/
[2026-05-13T08:46:28.726Z] [INFO] OpenWolf daemon started
[2026-05-13T08:46:28.727Z] [INFO] Dashboard server listening on port 18791
[2026-05-13T08:46:28.909Z] [INFO] Scheduled task: Full anatomy rescan (0 */6 * * *)
[2026-05-13T08:46:28.911Z] [INFO] Scheduled task: Consolidate old memory (0 2 * * *)
[2026-05-13T08:46:28.911Z] [INFO] Scheduled task: Token audit report (0 0 * * 1)
[2026-05-13T08:46:28.911Z] [INFO] Scheduled task: Cerebrum reflection (0 3 * * 0)
[2026-05-13T08:46:28.912Z] [INFO] Scheduled task: AI suggestions (0 4 * * 1)
[2026-05-13T08:46:28.913Z] [INFO] File watcher started on .wolf/
[2026-05-13T08:46:28.914Z] [INFO] OpenWolf daemon started
[2026-05-13T08:46:28.915Z] [INFO] Dashboard server listening on port 18791
[2026-05-13T08:46:29.134Z] [INFO] Scheduled task: Full anatomy rescan (0 */6 * * *)
[2026-05-13T08:46:29.135Z] [INFO] Scheduled task: Consolidate old memory (0 2 * * *)
[2026-05-13T08:46:29.136Z] [INFO] Scheduled task: Token audit report (0 0 * * 1)
[2026-05-13T08:46:29.136Z] [INFO] Scheduled task: Cerebrum reflection (0 3 * * 0)
[2026-05-13T08:46:29.136Z] [INFO] Scheduled task: AI suggestions (0 4 * * 1)
[2026-05-13T08:46:29.137Z] [INFO] File watcher started on .wolf/
[2026-05-13T08:46:29.138Z] [INFO] OpenWolf daemon started
[2026-05-13T08:46:29.139Z] [INFO] Dashboard server listening on port 18791
[2026-05-13T08:46:29.352Z] [INFO] Scheduled task: Full anatomy rescan (0 */6 * * *)
[2026-05-13T08:46:29.354Z] [INFO] Scheduled task: Consolidate old memory (0 2 * * *)
[2026-05-13T08:46:29.354Z] [INFO] Scheduled task: Token audit report (0 0 * * 1)
[2026-05-13T08:46:29.355Z] [INFO] Scheduled task: Cerebrum reflection (0 3 * * 0)
[2026-05-13T08:46:29.355Z] [INFO] Scheduled task: AI suggestions (0 4 * * 1)
[2026-05-13T08:46:29.356Z] [INFO] File watcher started on .wolf/
[2026-05-13T08:46:29.357Z] [INFO] OpenWolf daemon started
[2026-05-13T08:46:29.358Z] [INFO] Dashboard server listening on port 18791
[2026-05-13T08:46:29.583Z] [INFO] Scheduled task: Full anatomy rescan (0 */6 * * *)
[2026-05-13T08:46:29.585Z] [INFO] Scheduled task: Consolidate old memory (0 2 * * *)
[2026-05-13T08:46:29.586Z] [INFO] Scheduled task: Token audit report (0 0 * * 1)
[2026-05-13T08:46:29.586Z] [INFO] Scheduled task: Cerebrum reflection (0 3 * * 0)
[2026-05-13T08:46:29.586Z] [INFO] Scheduled task: AI suggestions (0 4 * * 1)
[2026-05-13T08:46:29.588Z] [INFO] File watcher started on .wolf/
[2026-05-13T08:46:29.589Z] [INFO] OpenWolf daemon started
[2026-05-13T08:46:29.590Z] [INFO] Dashboard server listening on port 18791
[2026-05-13T08:46:29.799Z] [INFO] Scheduled task: Full anatomy rescan (0 */6 * * *)
[2026-05-13T08:46:29.801Z] [INFO] Scheduled task: Consolidate old memory (0 2 * * *)
[2026-05-13T08:46:29.801Z] [INFO] Scheduled task: Token audit report (0 0 * * 1)
[2026-05-13T08:46:29.802Z] [INFO] Scheduled task: Cerebrum reflection (0 3 * * 0)
[2026-05-13T08:46:29.802Z] [INFO] Scheduled task: AI suggestions (0 4 * * 1)
[2026-05-13T08:46:29.803Z] [INFO] File watcher started on .wolf/
[2026-05-13T08:46:29.804Z] [INFO] OpenWolf daemon started
[2026-05-13T08:46:29.804Z] [INFO] Dashboard server listening on port 18791
[2026-05-13T08:46:29.985Z] [INFO] Scheduled task: Full anatomy rescan (0 */6 * * *)
[2026-05-13T08:46:29.987Z] [INFO] Scheduled task: Consolidate old memory (0 2 * * *)
[2026-05-13T08:46:29.988Z] [INFO] Scheduled task: Token audit report (0 0 * * 1)
[2026-05-13T08:46:29.988Z] [INFO] Scheduled task: Cerebrum reflection (0 3 * * 0)
[2026-05-13T08:46:29.988Z] [INFO] Scheduled task: AI suggestions (0 4 * * 1)
[2026-05-13T08:46:29.989Z] [INFO] File watcher started on .wolf/
[2026-05-13T08:46:29.990Z] [INFO] OpenWolf daemon started
[2026-05-13T08:46:29.991Z] [INFO] Dashboard server listening on port 18791
[2026-05-13T08:46:30.173Z] [INFO] Scheduled task: Full anatomy rescan (0 */6 * * *)
[2026-05-13T08:46:30.175Z] [INFO] Scheduled task: Consolidate old memory (0 2 * * *)
[2026-05-13T08:46:30.175Z] [INFO] Scheduled task: Token audit report (0 0 * * 1)
[2026-05-13T08:46:30.176Z] [INFO] Scheduled task: Cerebrum reflection (0 3 * * 0)
[2026-05-13T08:46:30.176Z] [INFO] Scheduled task: AI suggestions (0 4 * * 1)
[2026-05-13T08:46:30.177Z] [INFO] File watcher started on .wolf/
[2026-05-13T08:46:30.178Z] [INFO] OpenWolf daemon started
[2026-05-13T08:46:30.178Z] [INFO] Dashboard server listening on port 18791
[2026-05-13T08:46:30.357Z] [INFO] Scheduled task: Full anatomy rescan (0 */6 * * *)
[2026-05-13T08:46:30.358Z] [INFO] Scheduled task: Consolidate old memory (0 2 * * *)
[2026-05-13T08:46:30.358Z] [INFO] Scheduled task: Token audit report (0 0 * * 1)
[2026-05-13T08:46:30.359Z] [INFO] Scheduled task: Cerebrum reflection (0 3 * * 0)
[2026-05-13T08:46:30.359Z] [INFO] Scheduled task: AI suggestions (0 4 * * 1)
[2026-05-13T08:46:30.360Z] [INFO] File watcher started on .wolf/
[2026-05-13T08:46:30.361Z] [INFO] OpenWolf daemon started
[2026-05-13T08:46:30.361Z] [INFO] Dashboard server listening on port 18791
[2026-05-13T08:46:30.540Z] [INFO] Scheduled task: Full anatomy rescan (0 */6 * * *)
[2026-05-13T08:46:30.542Z] [INFO] Scheduled task: Consolidate old memory (0 2 * * *)
[2026-05-13T08:46:30.542Z] [INFO] Scheduled task: Token audit report (0 0 * * 1)
[2026-05-13T08:46:30.542Z] [INFO] Scheduled task: Cerebrum reflection (0 3 * * 0)
[2026-05-13T08:46:30.543Z] [INFO] Scheduled task: AI suggestions (0 4 * * 1)
[2026-05-13T08:46:30.544Z] [INFO] File watcher started on .wolf/
[2026-05-13T08:46:30.545Z] [INFO] OpenWolf daemon started
[2026-05-13T08:46:30.545Z] [INFO] Dashboard server listening on port 18791
[2026-05-13T08:46:30.726Z] [INFO] Scheduled task: Full anatomy rescan (0 */6 * * *)
[2026-05-13T08:46:30.727Z] [INFO] Scheduled task: Consolidate old memory (0 2 * * *)
[2026-05-13T08:46:30.728Z] [INFO] Scheduled task: Token audit report (0 0 * * 1)
[2026-05-13T08:46:30.729Z] [INFO] Scheduled task: Cerebrum reflection (0 3 * * 0)
[2026-05-13T08:46:30.729Z] [INFO] Scheduled task: AI suggestions (0 4 * * 1)
[2026-05-13T08:46:30.730Z] [INFO] File watcher started on .wolf/
[2026-05-13T08:46:30.731Z] [INFO] OpenWolf daemon started
[2026-05-13T08:46:30.732Z] [INFO] Dashboard server listening on port 18791
[2026-05-13T08:46:30.897Z] [INFO] Scheduled task: Full anatomy rescan (0 */6 * * *)
[2026-05-13T08:46:30.899Z] [INFO] Scheduled task: Consolidate old memory (0 2 * * *)
[2026-05-13T08:46:30.899Z] [INFO] Scheduled task: Token audit report (0 0 * * 1)
[2026-05-13T08:46:30.900Z] [INFO] Scheduled task: Cerebrum reflection (0 3 * * 0)
[2026-05-13T08:46:30.900Z] [INFO] Scheduled task: AI suggestions (0 4 * * 1)
[2026-05-13T08:46:30.901Z] [INFO] File watcher started on .wolf/
[2026-05-13T08:46:30.902Z] [INFO] OpenWolf daemon started
[2026-05-13T08:46:30.902Z] [INFO] Dashboard server listening on port 18791
[2026-05-13T08:46:31.076Z] [INFO] Scheduled task: Full anatomy rescan (0 */6 * * *)
[2026-05-13T08:46:31.078Z] [INFO] Scheduled task: Consolidate old memory (0 2 * * *)
[2026-05-13T08:46:31.078Z] [INFO] Scheduled task: Token audit report (0 0 * * 1)
[2026-05-13T08:46:31.078Z] [INFO] Scheduled task: Cerebrum reflection (0 3 * * 0)
[2026-05-13T08:46:31.079Z] [INFO] Scheduled task: AI suggestions (0 4 * * 1)
[2026-05-13T08:46:31.080Z] [INFO] File watcher started on .wolf/
[2026-05-13T08:46:31.080Z] [INFO] OpenWolf daemon started
[2026-05-13T08:46:31.081Z] [INFO] Dashboard server listening on port 18791
[2026-05-13T08:46:31.258Z] [INFO] Scheduled task: Full anatomy rescan (0 */6 * * *)
[2026-05-13T08:46:31.260Z] [INFO] Scheduled task: Consolidate old memory (0 2 * * *)
[2026-05-13T08:46:31.260Z] [INFO] Scheduled task: Token audit report (0 0 * * 1)
[2026-05-13T08:46:31.261Z] [INFO] Scheduled task: Cerebrum reflection (0 3 * * 0)
[2026-05-13T08:46:31.261Z] [INFO] Scheduled task: AI suggestions (0 4 * * 1)
[2026-05-13T08:46:31.262Z] [INFO] File watcher started on .wolf/
[2026-05-13T08:46:31.263Z] [INFO] OpenWolf daemon started
[2026-05-13T08:46:31.263Z] [INFO] Dashboard server listening on port 18791
